Archive member included to satisfy reference by file (symbol)

c:/program files/microchip/xc8/v2.36/avr/bin/../lib/gcc/avr/5.4.0/avr25/memx-const\libgcc.a(_copy_data.o)
                              main.o (__do_copy_data)
c:/program files/microchip/xc8/v2.36/avr/bin/../lib/gcc/avr/5.4.0/avr25/memx-const\libgcc.a(_ctors.o)
                              InitOSCCAL.o (__do_global_ctors)
c:/program files/microchip/xc8/v2.36/avr/bin/../lib/gcc/avr/5.4.0/avr25/memx-const\libgcc.a(_tablejump2.o)
                              c:/program files/microchip/xc8/v2.36/avr/bin/../lib/gcc/avr/5.4.0/avr25/memx-const\libgcc.a(_ctors.o) (__tablejump2__)
c:/program files/microchip/xc8/v2.36/avr/bin/../lib/gcc/avr/5.4.0/../../../../avr/lib/avr25/memx-const\libc.a(exit.o)
                              C:/Program Files (x86)/Atmel/Studio/7.0/Packs/atmel/ATtiny_DFP/1.10.348/xc8/avr/lib/avr25/memx-const/crtattiny85.o (exit)
c:/program files/microchip/xc8/v2.36/avr/bin/../lib/gcc/avr/5.4.0/../../../../avr/lib/avr25/memx-const\libc.a(_Exit.o)
                              c:/program files/microchip/xc8/v2.36/avr/bin/../lib/gcc/avr/5.4.0/../../../../avr/lib/avr25/memx-const\libc.a(exit.o) (_Exit)
C:/Program Files (x86)/Atmel/Studio/7.0/Packs/atmel/ATtiny_DFP/1.10.348/xc8/avr/lib/avr25/memx-const\libattiny85.a(eerd_byte.o)
                              InitOSCCAL.o (eeprom_read_byte)
C:/Program Files (x86)/Atmel/Studio/7.0/Packs/atmel/ATtiny_DFP/1.10.348/xc8/avr/lib/avr25/memx-const\libattiny85.a(eewr_byte.o)
                              InitOSCCAL.o (eeprom_write_byte)
c:/program files/microchip/xc8/v2.36/avr/bin/../lib/gcc/avr/5.4.0/avr25/memx-const\libgcc.a(_exit.o)
                              c:/program files/microchip/xc8/v2.36/avr/bin/../lib/gcc/avr/5.4.0/../../../../avr/lib/avr25/memx-const\libc.a(_Exit.o) (_exit)

Discarded input sections

 .data          0x0000000000000000        0x0 C:/Program Files (x86)/Atmel/Studio/7.0/Packs/atmel/ATtiny_DFP/1.10.348/xc8/avr/lib/avr25/memx-const/crtattiny85.o
 .bss           0x0000000000000000        0x0 C:/Program Files (x86)/Atmel/Studio/7.0/Packs/atmel/ATtiny_DFP/1.10.348/xc8/avr/lib/avr25/memx-const/crtattiny85.o
 .text          0x0000000000000000        0x0 InitOSCCAL.o
 .data          0x0000000000000000        0x0 InitOSCCAL.o
 .bss           0x0000000000000000        0x0 InitOSCCAL.o
 .text.flashNewOSCCALtoEEPROM
                0x0000000000000000       0x3e InitOSCCAL.o
 .avr.prop      0x0000000000000000       0x16 InitOSCCAL.o
 .text          0x0000000000000000        0x0 main.o
 .data          0x0000000000000000        0x0 main.o
 .bss           0x0000000000000000        0x0 main.o
 .text          0x0000000000000000        0x0 USI_UART.o
 .data          0x0000000000000000        0x0 USI_UART.o
 .bss           0x0000000000000000        0x0 USI_UART.o
 .text          0x0000000000000000        0x0 c:/program files/microchip/xc8/v2.36/avr/bin/../lib/gcc/avr/5.4.0/avr25/memx-const\libgcc.a(_copy_data.o)
 .data          0x0000000000000000        0x0 c:/program files/microchip/xc8/v2.36/avr/bin/../lib/gcc/avr/5.4.0/avr25/memx-const\libgcc.a(_copy_data.o)
 .bss           0x0000000000000000        0x0 c:/program files/microchip/xc8/v2.36/avr/bin/../lib/gcc/avr/5.4.0/avr25/memx-const\libgcc.a(_copy_data.o)
 .text.libgcc.mul
                0x0000000000000000        0x0 c:/program files/microchip/xc8/v2.36/avr/bin/../lib/gcc/avr/5.4.0/avr25/memx-const\libgcc.a(_copy_data.o)
 .text.libgcc.div
                0x0000000000000000        0x0 c:/program files/microchip/xc8/v2.36/avr/bin/../lib/gcc/avr/5.4.0/avr25/memx-const\libgcc.a(_copy_data.o)
 .text.libgcc   0x0000000000000000        0x0 c:/program files/microchip/xc8/v2.36/avr/bin/../lib/gcc/avr/5.4.0/avr25/memx-const\libgcc.a(_copy_data.o)
 .text.libgcc.prologue
                0x0000000000000000        0x0 c:/program files/microchip/xc8/v2.36/avr/bin/../lib/gcc/avr/5.4.0/avr25/memx-const\libgcc.a(_copy_data.o)
 .text.libgcc.builtins
                0x0000000000000000        0x0 c:/program files/microchip/xc8/v2.36/avr/bin/../lib/gcc/avr/5.4.0/avr25/memx-const\libgcc.a(_copy_data.o)
 .text.libgcc.fmul
                0x0000000000000000        0x0 c:/program files/microchip/xc8/v2.36/avr/bin/../lib/gcc/avr/5.4.0/avr25/memx-const\libgcc.a(_copy_data.o)
 .text.libgcc.fixed
                0x0000000000000000        0x0 c:/program files/microchip/xc8/v2.36/avr/bin/../lib/gcc/avr/5.4.0/avr25/memx-const\libgcc.a(_copy_data.o)
 .text          0x0000000000000000        0x0 c:/program files/microchip/xc8/v2.36/avr/bin/../lib/gcc/avr/5.4.0/avr25/memx-const\libgcc.a(_ctors.o)
 .data          0x0000000000000000        0x0 c:/program files/microchip/xc8/v2.36/avr/bin/../lib/gcc/avr/5.4.0/avr25/memx-const\libgcc.a(_ctors.o)
 .bss           0x0000000000000000        0x0 c:/program files/microchip/xc8/v2.36/avr/bin/../lib/gcc/avr/5.4.0/avr25/memx-const\libgcc.a(_ctors.o)
 .text.libgcc.mul
                0x0000000000000000        0x0 c:/program files/microchip/xc8/v2.36/avr/bin/../lib/gcc/avr/5.4.0/avr25/memx-const\libgcc.a(_ctors.o)
 .text.libgcc.div
                0x0000000000000000        0x0 c:/program files/microchip/xc8/v2.36/avr/bin/../lib/gcc/avr/5.4.0/avr25/memx-const\libgcc.a(_ctors.o)
 .text.libgcc   0x0000000000000000        0x0 c:/program files/microchip/xc8/v2.36/avr/bin/../lib/gcc/avr/5.4.0/avr25/memx-const\libgcc.a(_ctors.o)
 .text.libgcc.prologue
                0x0000000000000000        0x0 c:/program files/microchip/xc8/v2.36/avr/bin/../lib/gcc/avr/5.4.0/avr25/memx-const\libgcc.a(_ctors.o)
 .stack.descriptors
                0x0000000000000000       0x1f c:/program files/microchip/xc8/v2.36/avr/bin/../lib/gcc/avr/5.4.0/avr25/memx-const\libgcc.a(_ctors.o)
 .text.libgcc.builtins
                0x0000000000000000        0x0 c:/program files/microchip/xc8/v2.36/avr/bin/../lib/gcc/avr/5.4.0/avr25/memx-const\libgcc.a(_ctors.o)
 .text.libgcc.fmul
                0x0000000000000000        0x0 c:/program files/microchip/xc8/v2.36/avr/bin/../lib/gcc/avr/5.4.0/avr25/memx-const\libgcc.a(_ctors.o)
 .text.libgcc.fixed
                0x0000000000000000        0x0 c:/program files/microchip/xc8/v2.36/avr/bin/../lib/gcc/avr/5.4.0/avr25/memx-const\libgcc.a(_ctors.o)
 .text          0x0000000000000000        0x0 c:/program files/microchip/xc8/v2.36/avr/bin/../lib/gcc/avr/5.4.0/avr25/memx-const\libgcc.a(_tablejump2.o)
 .data          0x0000000000000000        0x0 c:/program files/microchip/xc8/v2.36/avr/bin/../lib/gcc/avr/5.4.0/avr25/memx-const\libgcc.a(_tablejump2.o)
 .bss           0x0000000000000000        0x0 c:/program files/microchip/xc8/v2.36/avr/bin/../lib/gcc/avr/5.4.0/avr25/memx-const\libgcc.a(_tablejump2.o)
 .text.libgcc.mul
                0x0000000000000000        0x0 c:/program files/microchip/xc8/v2.36/avr/bin/../lib/gcc/avr/5.4.0/avr25/memx-const\libgcc.a(_tablejump2.o)
 .text.libgcc.div
                0x0000000000000000        0x0 c:/program files/microchip/xc8/v2.36/avr/bin/../lib/gcc/avr/5.4.0/avr25/memx-const\libgcc.a(_tablejump2.o)
 .text.libgcc.prologue
                0x0000000000000000        0x0 c:/program files/microchip/xc8/v2.36/avr/bin/../lib/gcc/avr/5.4.0/avr25/memx-const\libgcc.a(_tablejump2.o)
 .stack.descriptors
                0x0000000000000000       0x1c c:/program files/microchip/xc8/v2.36/avr/bin/../lib/gcc/avr/5.4.0/avr25/memx-const\libgcc.a(_tablejump2.o)
 .text.libgcc.builtins
                0x0000000000000000        0x0 c:/program files/microchip/xc8/v2.36/avr/bin/../lib/gcc/avr/5.4.0/avr25/memx-const\libgcc.a(_tablejump2.o)
 .text.libgcc.fmul
                0x0000000000000000        0x0 c:/program files/microchip/xc8/v2.36/avr/bin/../lib/gcc/avr/5.4.0/avr25/memx-const\libgcc.a(_tablejump2.o)
 .text.libgcc.fixed
                0x0000000000000000        0x0 c:/program files/microchip/xc8/v2.36/avr/bin/../lib/gcc/avr/5.4.0/avr25/memx-const\libgcc.a(_tablejump2.o)
 .text          0x0000000000000000        0x0 c:/program files/microchip/xc8/v2.36/avr/bin/../lib/gcc/avr/5.4.0/../../../../avr/lib/avr25/memx-const\libc.a(exit.o)
 .data          0x0000000000000000        0x0 c:/program files/microchip/xc8/v2.36/avr/bin/../lib/gcc/avr/5.4.0/../../../../avr/lib/avr25/memx-const\libc.a(exit.o)
 .bss           0x0000000000000000        0x0 c:/program files/microchip/xc8/v2.36/avr/bin/../lib/gcc/avr/5.4.0/../../../../avr/lib/avr25/memx-const\libc.a(exit.o)
 .text          0x0000000000000000        0x0 c:/program files/microchip/xc8/v2.36/avr/bin/../lib/gcc/avr/5.4.0/../../../../avr/lib/avr25/memx-const\libc.a(_Exit.o)
 .data          0x0000000000000000        0x0 c:/program files/microchip/xc8/v2.36/avr/bin/../lib/gcc/avr/5.4.0/../../../../avr/lib/avr25/memx-const\libc.a(_Exit.o)
 .bss           0x0000000000000000        0x0 c:/program files/microchip/xc8/v2.36/avr/bin/../lib/gcc/avr/5.4.0/../../../../avr/lib/avr25/memx-const\libc.a(_Exit.o)
 .text          0x0000000000000000        0x0 C:/Program Files (x86)/Atmel/Studio/7.0/Packs/atmel/ATtiny_DFP/1.10.348/xc8/avr/lib/avr25/memx-const\libattiny85.a(eerd_byte.o)
 .data          0x0000000000000000        0x0 C:/Program Files (x86)/Atmel/Studio/7.0/Packs/atmel/ATtiny_DFP/1.10.348/xc8/avr/lib/avr25/memx-const\libattiny85.a(eerd_byte.o)
 .bss           0x0000000000000000        0x0 C:/Program Files (x86)/Atmel/Studio/7.0/Packs/atmel/ATtiny_DFP/1.10.348/xc8/avr/lib/avr25/memx-const\libattiny85.a(eerd_byte.o)
 .stack.descriptors
                0x0000000000000000       0x1e C:/Program Files (x86)/Atmel/Studio/7.0/Packs/atmel/ATtiny_DFP/1.10.348/xc8/avr/lib/avr25/memx-const\libattiny85.a(eerd_byte.o)
 .text          0x0000000000000000        0x0 C:/Program Files (x86)/Atmel/Studio/7.0/Packs/atmel/ATtiny_DFP/1.10.348/xc8/avr/lib/avr25/memx-const\libattiny85.a(eewr_byte.o)
 .data          0x0000000000000000        0x0 C:/Program Files (x86)/Atmel/Studio/7.0/Packs/atmel/ATtiny_DFP/1.10.348/xc8/avr/lib/avr25/memx-const\libattiny85.a(eewr_byte.o)
 .bss           0x0000000000000000        0x0 C:/Program Files (x86)/Atmel/Studio/7.0/Packs/atmel/ATtiny_DFP/1.10.348/xc8/avr/lib/avr25/memx-const\libattiny85.a(eewr_byte.o)
 .text.avrlibc  0x0000000000000000       0x1c C:/Program Files (x86)/Atmel/Studio/7.0/Packs/atmel/ATtiny_DFP/1.10.348/xc8/avr/lib/avr25/memx-const\libattiny85.a(eewr_byte.o)
 .stack.descriptors.hdr
                0x0000000000000000        0xe C:/Program Files (x86)/Atmel/Studio/7.0/Packs/atmel/ATtiny_DFP/1.10.348/xc8/avr/lib/avr25/memx-const\libattiny85.a(eewr_byte.o)
 .stack.descriptors
                0x0000000000000000       0x3d C:/Program Files (x86)/Atmel/Studio/7.0/Packs/atmel/ATtiny_DFP/1.10.348/xc8/avr/lib/avr25/memx-const\libattiny85.a(eewr_byte.o)
 .debug_line    0x0000000000000000       0xa1 C:/Program Files (x86)/Atmel/Studio/7.0/Packs/atmel/ATtiny_DFP/1.10.348/xc8/avr/lib/avr25/memx-const\libattiny85.a(eewr_byte.o)
 .debug_info    0x0000000000000000       0xaa C:/Program Files (x86)/Atmel/Studio/7.0/Packs/atmel/ATtiny_DFP/1.10.348/xc8/avr/lib/avr25/memx-const\libattiny85.a(eewr_byte.o)
 .debug_abbrev  0x0000000000000000       0x14 C:/Program Files (x86)/Atmel/Studio/7.0/Packs/atmel/ATtiny_DFP/1.10.348/xc8/avr/lib/avr25/memx-const\libattiny85.a(eewr_byte.o)
 .debug_aranges
                0x0000000000000000       0x20 C:/Program Files (x86)/Atmel/Studio/7.0/Packs/atmel/ATtiny_DFP/1.10.348/xc8/avr/lib/avr25/memx-const\libattiny85.a(eewr_byte.o)
 .text          0x0000000000000000        0x0 c:/program files/microchip/xc8/v2.36/avr/bin/../lib/gcc/avr/5.4.0/avr25/memx-const\libgcc.a(_exit.o)
 .data          0x0000000000000000        0x0 c:/program files/microchip/xc8/v2.36/avr/bin/../lib/gcc/avr/5.4.0/avr25/memx-const\libgcc.a(_exit.o)
 .bss           0x0000000000000000        0x0 c:/program files/microchip/xc8/v2.36/avr/bin/../lib/gcc/avr/5.4.0/avr25/memx-const\libgcc.a(_exit.o)
 .text.libgcc.mul
                0x0000000000000000        0x0 c:/program files/microchip/xc8/v2.36/avr/bin/../lib/gcc/avr/5.4.0/avr25/memx-const\libgcc.a(_exit.o)
 .text.libgcc.div
                0x0000000000000000        0x0 c:/program files/microchip/xc8/v2.36/avr/bin/../lib/gcc/avr/5.4.0/avr25/memx-const\libgcc.a(_exit.o)
 .text.libgcc   0x0000000000000000        0x0 c:/program files/microchip/xc8/v2.36/avr/bin/../lib/gcc/avr/5.4.0/avr25/memx-const\libgcc.a(_exit.o)
 .text.libgcc.prologue
                0x0000000000000000        0x0 c:/program files/microchip/xc8/v2.36/avr/bin/../lib/gcc/avr/5.4.0/avr25/memx-const\libgcc.a(_exit.o)
 .stack.descriptors
                0x0000000000000000       0x13 c:/program files/microchip/xc8/v2.36/avr/bin/../lib/gcc/avr/5.4.0/avr25/memx-const\libgcc.a(_exit.o)
 .text.libgcc.builtins
                0x0000000000000000        0x0 c:/program files/microchip/xc8/v2.36/avr/bin/../lib/gcc/avr/5.4.0/avr25/memx-const\libgcc.a(_exit.o)
 .text.libgcc.fmul
                0x0000000000000000        0x0 c:/program files/microchip/xc8/v2.36/avr/bin/../lib/gcc/avr/5.4.0/avr25/memx-const\libgcc.a(_exit.o)
 .text.libgcc.fixed
                0x0000000000000000        0x0 c:/program files/microchip/xc8/v2.36/avr/bin/../lib/gcc/avr/5.4.0/avr25/memx-const\libgcc.a(_exit.o)

Memory Configuration

Name             Origin             Length             Attributes
text             0x0000000000000000 0x0000000000002000 xr
data             0x0000000000800060 0x0000000000000200 rw !x
eeprom           0x0000000000810000 0x0000000000000200 rw !x
fuse             0x0000000000820000 0x0000000000000003 rw !x
lock             0x0000000000830000 0x0000000000000400 rw !x
signature        0x0000000000840000 0x0000000000000400 rw !x
user_signatures  0x0000000000850000 0x0000000000000400 rw !x
*default*        0x0000000000000000 0xffffffffffffffff

Linker script and memory map

LOAD C:/Program Files (x86)/Atmel/Studio/7.0/Packs/atmel/ATtiny_DFP/1.10.348/xc8/avr/lib/avr25/memx-const/crtattiny85.o
LOAD InitOSCCAL.o
LOAD main.o
LOAD USI_UART.o
START GROUP
LOAD c:/program files/microchip/xc8/v2.36/avr/bin/../lib/gcc/avr/5.4.0/../../../../avr/lib/avr25/memx-const\libm.a
END GROUP
START GROUP
LOAD c:/program files/microchip/xc8/v2.36/avr/bin/../lib/gcc/avr/5.4.0/avr25/memx-const\libgcc.a
LOAD c:/program files/microchip/xc8/v2.36/avr/bin/../lib/gcc/avr/5.4.0/../../../../avr/lib/avr25/memx-const\libm.a
LOAD c:/program files/microchip/xc8/v2.36/avr/bin/../lib/gcc/avr/5.4.0/../../../../avr/lib/avr25/memx-const\libc.a
LOAD C:/Program Files (x86)/Atmel/Studio/7.0/Packs/atmel/ATtiny_DFP/1.10.348/xc8/avr/lib/avr25/memx-const\libattiny85.a
END GROUP
                0x0000000000000000                __TEXT_REGION_ORIGIN__ = DEFINED (__TEXT_REGION_ORIGIN__)?__TEXT_REGION_ORIGIN__:0x0
                [0x0000000000800060]                __DATA_REGION_ORIGIN__ = DEFINED (__DATA_REGION_ORIGIN__)?__DATA_REGION_ORIGIN__:0x800060
                [0x0000000000002000]                __TEXT_REGION_LENGTH__ = DEFINED (__TEXT_REGION_LENGTH__)?__TEXT_REGION_LENGTH__:0x2000
                [0x0000000000000200]                __DATA_REGION_LENGTH__ = DEFINED (__DATA_REGION_LENGTH__)?__DATA_REGION_LENGTH__:0xffa0
                [0x0000000000000200]                __EEPROM_REGION_LENGTH__ = DEFINED (__EEPROM_REGION_LENGTH__)?__EEPROM_REGION_LENGTH__:0x10000
                [0x0000000000000003]                __FUSE_REGION_LENGTH__ = DEFINED (__FUSE_REGION_LENGTH__)?__FUSE_REGION_LENGTH__:0x400
                0x0000000000000400                __LOCK_REGION_LENGTH__ = DEFINED (__LOCK_REGION_LENGTH__)?__LOCK_REGION_LENGTH__:0x400
                0x0000000000000400                __SIGNATURE_REGION_LENGTH__ = DEFINED (__SIGNATURE_REGION_LENGTH__)?__SIGNATURE_REGION_LENGTH__:0x400
                0x0000000000000400                __USER_SIGNATURE_REGION_LENGTH__ = DEFINED (__USER_SIGNATURE_REGION_LENGTH__)?__USER_SIGNATURE_REGION_LENGTH__:0x400

.hash
 *(.hash)

.dynsym
 *(.dynsym)

.dynstr
 *(.dynstr)

.gnu.version
 *(.gnu.version)

.gnu.version_d
 *(.gnu.version_d)

.gnu.version_r
 *(.gnu.version_r)

.rel.init
 *(.rel.init)

.rela.init
 *(.rela.init)

.rel.text
 *(.rel.text)
 *(.rel.text.*)
 *(.rel.gnu.linkonce.t*)

.rela.text
 *(.rela.text)
 *(.rela.text.*)
 *(.rela.gnu.linkonce.t*)

.rel.fini
 *(.rel.fini)

.rela.fini
 *(.rela.fini)

.rel.rodata
 *(.rel.rodata)
 *(.rel.rodata.*)
 *(.rel.gnu.linkonce.r*)

.rela.rodata
 *(.rela.rodata)
 *(.rela.rodata.*)
 *(.rela.gnu.linkonce.r*)

.rel.data
 *(.rel.data)
 *(.rel.data.*)
 *(.rel.gnu.linkonce.d*)

.rela.data
 *(.rela.data)
 *(.rela.data.*)
 *(.rela.gnu.linkonce.d*)

.rel.ctors
 *(.rel.ctors)

.rela.ctors
 *(.rela.ctors)

.rel.dtors
 *(.rel.dtors)

.rela.dtors
 *(.rela.dtors)

.rel.got
 *(.rel.got)

.rela.got
 *(.rela.got)

.rel.bss
 *(.rel.bss)

.rela.bss
 *(.rela.bss)

.rel.plt
 *(.rel.plt)

.rela.plt
 *(.rela.plt)

.text           0x0000000000000000       0x96
 *(.vectors)
 .vectors       0x0000000000000000       0x1e C:/Program Files (x86)/Atmel/Studio/7.0/Packs/atmel/ATtiny_DFP/1.10.348/xc8/avr/lib/avr25/memx-const/crtattiny85.o
                0x0000000000000000                __vector_default
                0x0000000000000000                __vectors
 *(.vectors)
 *(.progmem.gcc*)
 *(.dinit)
 .dinit         0x000000000000001e       0x11 data_init
                0x0000000000000030                . = ALIGN (0x2)
 *fill*         0x000000000000002f        0x1 
                0x0000000000000030                __trampolines_start = .
 *(.trampolines)
 .trampolines   0x0000000000000030        0x0 linker stubs
 *(.trampolines*)
                0x0000000000000030                __trampolines_end = .
 *libprintf_flt.a:*(.progmem.data)
 *libc.a:*(.progmem.data)
                0x0000000000000030                . = ALIGN (0x2)
 *(.jumptables)
 *(.jumptables*)
 *(.lowtext)
 *(.lowtext*)
                0x0000000000000030                __ctors_start = .
 *(.ctors)
 .ctors         0x0000000000000030        0x2 InitOSCCAL.o
                0x0000000000000032                __ctors_end = .
                0x0000000000000032                __dtors_start = .
 *(.dtors)
                0x0000000000000032                __dtors_end = .
 SORT(*)(.ctors)
 SORT(*)(.dtors)
 *(.init0)
 .init0         0x0000000000000032        0x0 C:/Program Files (x86)/Atmel/Studio/7.0/Packs/atmel/ATtiny_DFP/1.10.348/xc8/avr/lib/avr25/memx-const/crtattiny85.o
                0x0000000000000032                __init
 *(.init0)
 *(.init1)
 *(.init1)
 *(.init2)
 .init2         0x0000000000000032        0xc C:/Program Files (x86)/Atmel/Studio/7.0/Packs/atmel/ATtiny_DFP/1.10.348/xc8/avr/lib/avr25/memx-const/crtattiny85.o
 *(.init2)
 *(.init3)
 *(.init3)
 *(.init4)
 .init4         0x000000000000003e       0x3c c:/program files/microchip/xc8/v2.36/avr/bin/../lib/gcc/avr/5.4.0/avr25/memx-const\libgcc.a(_copy_data.o)
                0x000000000000003e                __do_copy_data
                0x000000000000006c                __do_clear_bss
 *(.init4)
 *(.init5)
 *(.init5)
 *(.init6)
 .init6         0x000000000000007a       0x14 c:/program files/microchip/xc8/v2.36/avr/bin/../lib/gcc/avr/5.4.0/avr25/memx-const\libgcc.a(_ctors.o)
                0x000000000000007a                __do_global_ctors
 *(.init6)
 *(.init7)
 *(.init7)
 *(.init8)
 *(.init8)
 *(.init9)
 .init9         0x000000000000008e        0x4 C:/Program Files (x86)/Atmel/Studio/7.0/Packs/atmel/ATtiny_DFP/1.10.348/xc8/avr/lib/avr25/memx-const/crtattiny85.o
 *(.init9)
                0x0000000000000092                . = ALIGN (0x2)
 *(.fini9)
 .fini9         0x0000000000000092        0x0 c:/program files/microchip/xc8/v2.36/avr/bin/../lib/gcc/avr/5.4.0/avr25/memx-const\libgcc.a(_exit.o)
                0x0000000000000092                _exit
 *(.fini9)
 *(.fini8)
 *(.fini8)
 *(.fini7)
 *(.fini7)
 *(.fini6)
 *(.fini6)
 *(.fini5)
 *(.fini5)
 *(.fini4)
 *(.fini4)
 *(.fini3)
 *(.fini3)
 *(.fini2)
 *(.fini2)
 *(.fini1)
 *(.fini1)
 *(.fini0)
 .fini0         0x0000000000000092        0x4 c:/program files/microchip/xc8/v2.36/avr/bin/../lib/gcc/avr/5.4.0/avr25/memx-const\libgcc.a(_exit.o)
 *(.fini0)
                0x0000000000000096                _etext = .

.data           0x0000000000800060        0x0 load address 0x0000000000000096
                [!provide]                        PROVIDE (__data_start, .)
 *(.gnu.linkonce.d*)
 *(.gnu.linkonce.r*)
                0x0000000000800060                . = ALIGN (0x2)
                0x0000000000800060                _edata = .
                [!provide]                        PROVIDE (__data_end, .)

.bss            0x0000000000800060        0x0
                [!provide]                        PROVIDE (__bss_start, .)
 *(COMMON)
                [!provide]                        PROVIDE (__bss_end, .)
                0x0000000000000096                __data_load_start = LOADADDR (.data)
                0x0000000000000096                __data_load_end = (__data_load_start + SIZEOF (.data))

.noinit         0x0000000000800060        0x0
                [!provide]                        PROVIDE (__noinit_start, .)
 *(.noinit*)
                [!provide]                        PROVIDE (__noinit_end, .)
                0x0000000000800060                _end = .

.eeprom         0x0000000000810000        0x0
 *(.eeprom*)
                0x0000000000810000                __eeprom_end = .

.fuse
 *(.fuse)
 *(.lfuse)
 *(.hfuse)
 *(.efuse)

.lock
 *(.lock*)

.signature
 *(.signature*)

.user_signatures
 *(.user_signatures*)

.stab
 *(.stab)

.stabstr
 *(.stabstr)

.stab.excl
 *(.stab.excl)

.stab.exclstr
 *(.stab.exclstr)

.stab.index
 *(.stab.index)

.stab.indexstr
 *(.stab.indexstr)

.comment        0x0000000000000000       0x2f
 *(.comment)
 .comment       0x0000000000000000       0x2f InitOSCCAL.o
                                         0x30 (size before relaxing)
 .comment       0x000000000000002f       0x30 main.o
 .comment       0x000000000000002f       0x30 USI_UART.o
 .comment       0x000000000000002f       0x30 c:/program files/microchip/xc8/v2.36/avr/bin/../lib/gcc/avr/5.4.0/../../../../avr/lib/avr25/memx-const\libc.a(exit.o)
 .comment       0x000000000000002f       0x30 c:/program files/microchip/xc8/v2.36/avr/bin/../lib/gcc/avr/5.4.0/../../../../avr/lib/avr25/memx-const\libc.a(_Exit.o)

.stack.descriptors.hdr
                0x0000000000000000       0x38
 .stack.descriptors.hdr
                0x0000000000000000        0xe c:/program files/microchip/xc8/v2.36/avr/bin/../lib/gcc/avr/5.4.0/avr25/memx-const\libgcc.a(_ctors.o)
 .stack.descriptors.hdr
                0x000000000000000e        0xe c:/program files/microchip/xc8/v2.36/avr/bin/../lib/gcc/avr/5.4.0/avr25/memx-const\libgcc.a(_tablejump2.o)
 .stack.descriptors.hdr
                0x000000000000001c        0xe C:/Program Files (x86)/Atmel/Studio/7.0/Packs/atmel/ATtiny_DFP/1.10.348/xc8/avr/lib/avr25/memx-const\libattiny85.a(eerd_byte.o)
 .stack.descriptors.hdr
                0x000000000000002a        0xe c:/program files/microchip/xc8/v2.36/avr/bin/../lib/gcc/avr/5.4.0/avr25/memx-const\libgcc.a(_exit.o)

.note.GNU-stack
                0x0000000000000000        0x0
 .note.GNU-stack
                0x0000000000000000        0x0 c:/program files/microchip/xc8/v2.36/avr/bin/../lib/gcc/avr/5.4.0/../../../../avr/lib/avr25/memx-const\libc.a(exit.o)
 .note.GNU-stack
                0x0000000000000000        0x0 c:/program files/microchip/xc8/v2.36/avr/bin/../lib/gcc/avr/5.4.0/../../../../avr/lib/avr25/memx-const\libc.a(_Exit.o)

.note.gnu.build-id
 *(.note.gnu.build-id)

.debug
 *(.debug)

.line
 *(.line)

.debug_srcinfo
 *(.debug_srcinfo)

.debug_sfnames
 *(.debug_sfnames)

.debug_aranges  0x0000000000000000       0xf8
 *(.debug_aranges)
 .debug_aranges
                0x0000000000000000       0x28 InitOSCCAL.o
 .debug_aranges
                0x0000000000000028       0x50 main.o
 .debug_aranges
                0x0000000000000078       0x60 USI_UART.o
 .debug_aranges
                0x00000000000000d8       0x20 C:/Program Files (x86)/Atmel/Studio/7.0/Packs/atmel/ATtiny_DFP/1.10.348/xc8/avr/lib/avr25/memx-const\libattiny85.a(eerd_byte.o)

.debug_pubnames
 *(.debug_pubnames)

.debug_info     0x0000000000000000     0x1700
 *(.debug_info .gnu.linkonce.wi.*)
 .debug_info    0x0000000000000000      0x420 C:/Program Files (x86)/Atmel/Studio/7.0/Packs/atmel/ATtiny_DFP/1.10.348/xc8/avr/lib/avr25/memx-const/crtattiny85.o
 .debug_info    0x0000000000000420      0x460 InitOSCCAL.o
 .debug_info    0x0000000000000880      0x708 main.o
 .debug_info    0x0000000000000f88      0x6ce USI_UART.o
 .debug_info    0x0000000000001656       0xaa C:/Program Files (x86)/Atmel/Studio/7.0/Packs/atmel/ATtiny_DFP/1.10.348/xc8/avr/lib/avr25/memx-const\libattiny85.a(eerd_byte.o)

.debug_abbrev   0x0000000000000000      0x7d0
 *(.debug_abbrev)
 .debug_abbrev  0x0000000000000000      0x3e8 C:/Program Files (x86)/Atmel/Studio/7.0/Packs/atmel/ATtiny_DFP/1.10.348/xc8/avr/lib/avr25/memx-const/crtattiny85.o
 .debug_abbrev  0x00000000000003e8       0xad InitOSCCAL.o
 .debug_abbrev  0x0000000000000495      0x1b0 main.o
 .debug_abbrev  0x0000000000000645      0x177 USI_UART.o
 .debug_abbrev  0x00000000000007bc       0x14 C:/Program Files (x86)/Atmel/Studio/7.0/Packs/atmel/ATtiny_DFP/1.10.348/xc8/avr/lib/avr25/memx-const\libattiny85.a(eerd_byte.o)

.debug_line     0x0000000000000000      0xaeb
 *(.debug_line .debug_line.* .debug_line_end)
 .debug_line    0x0000000000000000       0xf5 C:/Program Files (x86)/Atmel/Studio/7.0/Packs/atmel/ATtiny_DFP/1.10.348/xc8/avr/lib/avr25/memx-const/crtattiny85.o
 .debug_line    0x00000000000000f5      0x168 InitOSCCAL.o
 .debug_line    0x000000000000025d      0x38c main.o
 .debug_line    0x00000000000005e9      0x480 USI_UART.o
 .debug_line    0x0000000000000a69       0x82 C:/Program Files (x86)/Atmel/Studio/7.0/Packs/atmel/ATtiny_DFP/1.10.348/xc8/avr/lib/avr25/memx-const\libattiny85.a(eerd_byte.o)

.debug_frame    0x0000000000000000      0x184
 *(.debug_frame)
 .debug_frame   0x0000000000000000       0x50 InitOSCCAL.o
 .debug_frame   0x0000000000000050       0x84 main.o
 .debug_frame   0x00000000000000d4       0xb0 USI_UART.o

.debug_str      0x0000000000000000      0x20d
 *(.debug_str)
 .debug_str     0x0000000000000000      0x169 C:/Program Files (x86)/Atmel/Studio/7.0/Packs/atmel/ATtiny_DFP/1.10.348/xc8/avr/lib/avr25/memx-const/crtattiny85.o
 .debug_str     0x0000000000000169       0x23 InitOSCCAL.o
 .debug_str     0x000000000000018c       0x81 main.o
 .debug_str     0x000000000000020d        0x0 USI_UART.o

.debug_loc      0x0000000000000000      0x3dc
 *(.debug_loc)
 .debug_loc     0x0000000000000000      0x192 InitOSCCAL.o
 .debug_loc     0x0000000000000192      0x14f main.o
 .debug_loc     0x00000000000002e1       0xfb USI_UART.o

.debug_macinfo
 *(.debug_macinfo)

.debug_weaknames
 *(.debug_weaknames)

.debug_funcnames
 *(.debug_funcnames)

.debug_typenames
 *(.debug_typenames)

.debug_varnames
 *(.debug_varnames)

.debug_pubtypes
 *(.debug_pubtypes)

.debug_ranges   0x0000000000000000       0xd8
 *(.debug_ranges)
 .debug_ranges  0x0000000000000000       0x18 InitOSCCAL.o
 .debug_ranges  0x0000000000000018       0x70 main.o
 .debug_ranges  0x0000000000000088       0x50 USI_UART.o

.debug_macro
 *(.debug_macro)
OUTPUT(01_ATTiny85.elf elf32-avr)
LOAD linker stubs
LOAD data_init

.note.gnu.avr.deviceinfo
                0x0000000000000000       0x3c
 .note.gnu.avr.deviceinfo
                0x0000000000000000       0x3c C:/Program Files (x86)/Atmel/Studio/7.0/Packs/atmel/ATtiny_DFP/1.10.348/xc8/avr/lib/avr25/memx-const/crtattiny85.o

.bss.setOSCCAL  0x00000000008000a6        0x1
 .bss.setOSCCAL
                0x00000000008000a6        0x1 InitOSCCAL.o
                0x00000000008000a6                setOSCCAL

.bss.cpuID      0x00000000008000a4        0x2
 .bss.cpuID     0x00000000008000a4        0x2 InitOSCCAL.o
                0x00000000008000a4                cpuID

.bss.ovf_cnt.1992
                0x00000000008000a0        0x4
 .bss.ovf_cnt.1992
                0x00000000008000a0        0x4 main.o

.bss.cnt_led_toggle
                0x00000000008000a7        0x1
 .bss.cnt_led_toggle
                0x00000000008000a7        0x1 main.o
                0x00000000008000a7                cnt_led_toggle

.bss.cnt_failed_new_data
                0x00000000008000a8        0x1
 .bss.cnt_failed_new_data
                0x00000000008000a8        0x1 main.o

.bss.valid_data_received
                0x00000000008000a9        0x1
 .bss.valid_data_received
                0x00000000008000a9        0x1 main.o

.bss.uart_state
                0x00000000008000aa        0x1
 .bss.uart_state
                0x00000000008000aa        0x1 main.o

.bss.cnt_motor_ok_after_fail
                0x00000000008000ab        0x1
 .bss.cnt_motor_ok_after_fail
                0x00000000008000ab        0x1 main.o

.bss.cnt_motor_failure
                0x00000000008000ac        0x1
 .bss.cnt_motor_failure
                0x00000000008000ac        0x1 main.o

.bss.UART_RxBuf_Count
                0x00000000008000ae        0x1
 .bss.UART_RxBuf_Count
                0x00000000008000ae        0x1 USI_UART.o

.bss.UART_RxTail
                0x00000000008000af        0x1
 .bss.UART_RxTail
                0x00000000008000af        0x1 USI_UART.o

.bss.UART_RxHead
                0x00000000008000b0        0x1
 .bss.UART_RxHead
                0x00000000008000b0        0x1 USI_UART.o

.bss.UART_RXBuf
                0x0000000000800060       0x20
 .bss.UART_RXBuf
                0x0000000000800060       0x20 USI_UART.o

.bss.UART_TxBuf_Count
                0x00000000008000b1        0x1
 .bss.UART_TxBuf_Count
                0x00000000008000b1        0x1 USI_UART.o

.bss.UART_TxTail
                0x00000000008000b2        0x1
 .bss.UART_TxTail
                0x00000000008000b2        0x1 USI_UART.o

.bss.UART_TxHead
                0x00000000008000b3        0x1
 .bss.UART_TxHead
                0x00000000008000b3        0x1 USI_UART.o

.bss.UART_TXBuf
                0x0000000000800080       0x20
 .bss.UART_TXBuf
                0x0000000000800080       0x20 USI_UART.o

.bss.USI_UART_state
                0x00000000008000b4        0x1
 .bss.USI_UART_state
                0x00000000008000b4        0x1 USI_UART.o

.text.__vector_14
                0x0000000000000096      0x1e0
 .text.__vector_14
                0x0000000000000096      0x1e0 USI_UART.o
                0x0000000000000096                __vector_14

.text.__vector_2
                0x0000000000000276       0xb8
 .text.__vector_2
                0x0000000000000276       0xb8 USI_UART.o
                0x0000000000000276                __vector_2

.text.USI_UART_Transmit_Byte
                0x000000000000032e       0x92
 .text.USI_UART_Transmit_Byte
                0x000000000000032e       0x92 USI_UART.o
                0x000000000000032e                USI_UART_Transmit_Byte

.text.main      0x00000000000003c0       0x6a
 .text.main     0x00000000000003c0       0x6a main.o
                0x00000000000003c0                main

.text.OSCCALInit
                0x000000000000042a       0x60
 .text.OSCCALInit
                0x000000000000042a       0x60 InitOSCCAL.o
                0x000000000000042a                OSCCALInit

.text.Timer_shot_100_ms
                0x000000000000048a       0x5a
 .text.Timer_shot_100_ms
                0x000000000000048a       0x5a main.o
                0x000000000000048a                Timer_shot_100_ms

.text.check_and_set_UART_state
                0x00000000000004e4       0x58
 .text.check_and_set_UART_state
                0x00000000000004e4       0x58 main.o
                0x00000000000004e4                check_and_set_UART_state

.text.USI_UART_Receive_Byte
                0x000000000000053c       0x56
 .text.USI_UART_Receive_Byte
                0x000000000000053c       0x56 USI_UART.o
                0x000000000000053c                USI_UART_Receive_Byte

.text.check_OK_on_Start
                0x0000000000000592       0x52
 .text.check_OK_on_Start
                0x0000000000000592       0x52 main.o
                0x0000000000000592                check_OK_on_Start

.text.check_motor_and_set_status
                0x00000000000005e4       0x50
 .text.check_motor_and_set_status
                0x00000000000005e4       0x50 main.o
                0x00000000000005e4                check_motor_and_set_status

.text.__vector_10
                0x0000000000000634       0x44
 .text.__vector_10
                0x0000000000000634       0x44 USI_UART.o
                0x0000000000000634                __vector_10

.text.USI_UART_Initialise_Receiver
                0x0000000000000678       0x42
 .text.USI_UART_Initialise_Receiver
                0x0000000000000678       0x42 USI_UART.o
                0x0000000000000678                USI_UART_Initialise_Receiver

.text.Timer_and_PWM_Init
                0x00000000000006ba       0x2a
 .text.Timer_and_PWM_Init
                0x00000000000006ba       0x2a main.o
                0x00000000000006ba                Timer_and_PWM_Init

.text.check_for_valid_value
                0x00000000000006e4       0x24
 .text.check_for_valid_value
                0x00000000000006e4       0x24 main.o
                0x00000000000006e4                check_for_valid_value

.text.Bit_Reverse
                0x0000000000000708       0x20
 .text.Bit_Reverse
                0x0000000000000708       0x20 USI_UART.o
                0x0000000000000708                Bit_Reverse

.text.USI_UART_Flush_Buffers
                0x0000000000000728       0x1a
 .text.USI_UART_Flush_Buffers
                0x0000000000000728       0x1a USI_UART.o
                0x0000000000000728                USI_UART_Flush_Buffers

.text.avrlibc   0x0000000000000742       0x12
 .text.avrlibc  0x0000000000000742       0x12 C:/Program Files (x86)/Atmel/Studio/7.0/Packs/atmel/ATtiny_DFP/1.10.348/xc8/avr/lib/avr25/memx-const\libattiny85.a(eerd_byte.o)
                0x0000000000000742                eeprom_read_byte

.text.USI_UART_Data_In_Receive_Buffer
                0x0000000000000754        0xe
 .text.USI_UART_Data_In_Receive_Buffer
                0x0000000000000754        0xe USI_UART.o
                0x0000000000000754                USI_UART_Data_In_Receive_Buffer

.text.exit      0x0000000000000762        0xe
 .text.exit     0x0000000000000762        0xe c:/program files/microchip/xc8/v2.36/avr/bin/../lib/gcc/avr/5.4.0/../../../../avr/lib/avr25/memx-const\libc.a(exit.o)
                0x0000000000000762                exit

.text.libgcc    0x0000000000000770        0xc
 .text.libgcc   0x0000000000000770        0xc c:/program files/microchip/xc8/v2.36/avr/bin/../lib/gcc/avr/5.4.0/avr25/memx-const\libgcc.a(_tablejump2.o)
                0x0000000000000770                __tablejump2__

.text           0x000000000000077c        0x2
 .text          0x000000000000077c        0x2 C:/Program Files (x86)/Atmel/Studio/7.0/Packs/atmel/ATtiny_DFP/1.10.348/xc8/avr/lib/avr25/memx-const/crtattiny85.o
                0x000000000000077c                __vector_1
                0x000000000000077c                __vector_12
                0x000000000000077c                __bad_interrupt
                0x000000000000077c                __vector_6
                0x000000000000077c                __vector_3
                0x000000000000077c                __vector_11
                0x000000000000077c                __vector_13
                0x000000000000077c                __vector_7
                0x000000000000077c                __vector_5
                0x000000000000077c                __vector_4
                0x000000000000077c                __vector_9
                0x000000000000077c                __vector_8

.text.__dummy_fini
                0x000000000000077e        0x2
 .text.__dummy_fini
                0x000000000000077e        0x2 c:/program files/microchip/xc8/v2.36/avr/bin/../lib/gcc/avr/5.4.0/../../../../avr/lib/avr25/memx-const\libc.a(exit.o)
                0x000000000000077e                _fini

.text.__dummy_funcs_on_exit
                0x0000000000000780        0x2
 .text.__dummy_funcs_on_exit
                0x0000000000000780        0x2 c:/program files/microchip/xc8/v2.36/avr/bin/../lib/gcc/avr/5.4.0/../../../../avr/lib/avr25/memx-const\libc.a(exit.o)
                0x0000000000000780                __funcs_on_exit

.text.__dummy_simulator_exit
                0x0000000000000782        0x2
 .text.__dummy_simulator_exit
                0x0000000000000782        0x2 c:/program files/microchip/xc8/v2.36/avr/bin/../lib/gcc/avr/5.4.0/../../../../avr/lib/avr25/memx-const\libc.a(exit.o)
                0x0000000000000782                __simulator_exit

.text._Exit     0x0000000000000784        0x2
 .text._Exit    0x0000000000000784        0x2 c:/program files/microchip/xc8/v2.36/avr/bin/../lib/gcc/avr/5.4.0/../../../../avr/lib/avr25/memx-const\libc.a(_Exit.o)
                0x0000000000000784                _Exit

.data.motor_state
                0x00000000008000ad        0x1 load address 0x0000000000000786
 .data.motor_state
                0x00000000008000ad        0x1 main.o
